// Jest Snapshot v1, https://goo.gl/fbAQLP

exports[`App renders App correctly 1`] = `
<div>
  <h1>
    Gift giver?
  </h1>
  <Button
    active={false}
    className="btn-add"
    disabled={false}
    onClick={[Function]}
    type="button"
    variant="primary"
  >
    Add gift
  </Button>
  <div
    className="gift-list"
  />
</div>
`;
